// Jest Snapshot v1, https://goo.gl/fbAQLP

exports[`snapshot 1`] = `
<header
  className="headerBoomerang"
>
  <img
    alt="seta para voltar à página anterior"
    data-testid="svg-icon"
    onClick={[Function]}
    src="back_arrow.svg"
    style={
      Object {
        "cursor": "pointer",
      }
    }
  />
  <h1
    style={
      Object {
        "fontSize": "16px",
        "marginBottom": "0",
      }
    }
  >
    Página desconhecida
  </h1>
</header>
`;
